✔ copy commits exactly once with revision and quota guards, preserving every original byte (57.759767ms)
✔ the web adapter initializes once and commits independent saves without invented catalog ownership (5.79448ms)
✔ all legacy-shaped web writes fail closed without a revision or storage mutation (0.805685ms)
✔ two adapter instances cannot overwrite the same loaded revision (13.497934ms)
✔ command payload is captured before awaiting a lock and receipts are detached (7.235438ms)
✔ invalid command and quota failure preserve exact payload, catalog and backup (8.148786ms)
✔ successful creates are create-only and deletion cannot be undone by stale save or recreate (11.573204ms)
✔ lost acknowledgments require an explicit read and cannot cause a blind save retry (5.575601ms)
✔ legacy payload bytes migrate unchanged and remain exportable after later corruption (3.565935ms)
✔ loaded standalone project cannot discard stored wrapper extensions (9.589014ms)
✔ loaded standalone project cannot discard stored machine extensions (6.627269ms)
✔ loaded standalone project cannot discard stored vertex extensions (8.207027ms)
✔ loaded owned project cannot discard stored wrapper extensions (12.752286ms)
✔ loaded owned project cannot discard stored machine extensions (5.658824ms)
✔ loaded owned project cannot discard stored vertex extensions (5.163068ms)
✔ legacy bare projects with omitted defaulted fields remain editable (6.347472ms)
✔ draft-aware reads retain mixed catalog kinds and open zero, one and two vertices without invented inputs (67.48757ms)
✔ draft saves reject stale workspace and design receipts and require explicit reload (40.754152ms)
✔ draft create, save and delete quota failures are atomic and retryable without recreating deleted identities (57.844748ms)
✔ draft commands capture input before locks and lost acknowledgments cannot trigger blind retries (32.581689ms)
✔ draft-aware project opens refuse unknown fields while exact recovery bytes remain available (4.536221ms)
✔ copy creates an independent identity without changing source bytes, ownership or evidence (55.910352ms)
✔ copy may preserve an unsaved colliding import without adopting the stored document (9.840552ms)
✔ copy rejects reused, deleted, draft, same-source and unknown identities atomically (38.043621ms)
✔ copy refuses hidden stored extensions and unknown snapshot fields without changing source (10.397848ms)
✔ independent imports and folder creation cannot introduce ambiguous deletion identities (10.296389ms)
✔ commands are detached before a lock wait and both state and command may be deeply frozen (2.486966ms)
✔ create and update are explicit, deleted documents cannot be recreated, and existing unowned saves enforce CRS (10.174245ms)
✔ save_project uses the owning design's revision and CRS guards without moving ownership (13.30641ms)
✔ save_design_project uses the owning design's revision and CRS guards without moving ownership (18.403572ms)
✔ save-design rejects missing design, changed identity and draft kind without creating payloads (11.611675ms)
✔ compound creates advance once and produce detached legacy-compatible return values (2.962725ms)
✔ compound create failures leave no partial catalog or payload changes (8.085914ms)
✔ clients normalize only explicit input and preserve unrelated historical records (1.980457ms)
✔ catalog rename and move preserve every document byte and all draft identities (15.472821ms)
✔ all simple creates require references and reject occupied IDs or payload ownership (12.883915ms)
✔ folder cascade removes only associated maps, designs and payloads, retaining immutable previous tombstones (38.188573ms)
✔ matching folder and foreign owned document IDs do not extend a folder cascade (8.586795ms)
✔ standalone owned-document deletion retains its containing folder and map (12.897782ms)
✔ strict commands reject unknown fields at envelope, input, project and nested geometry levels (3.535825ms)
✔ prototype metadata, accessors, symbols, hidden fields and cycles cannot be silently dropped (0.762438ms)
✔ all commands validate the entire prior workspace, including invalid and future unrelated payloads (4.961767ms)
✔ inherited JSON hooks are rejected before execution on standard object and array prototypes (1.06551ms)
✔ unknown stored payload bytes remain untouched by unrelated commands (12.255639ms)
✔ complete draft documents remain draft-backed through catalog changes (6.649793ms)
✔ draft deletion tombstones reserve payload identity against future project creation (4.32702ms)
✔ revision exhaustion fails atomically and pure commands never read clock or randomness (8.612453ms)
✔ project creation serialization stays compatible with the existing document format (3.019736ms)
✔ draft create and save preserve empty, one and two vertices without inventing machine inputs (34.803077ms)
✔ draft commands detach caller data synchronously and retain unrelated payload bytes (9.592184ms)
✔ draft saves and design deletes require the exact current design revision (16.803685ms)
✔ delete design removes only its owned payload and permanently reserves both identities (38.413958ms)
✔ draft commands preserve payload kind and ownership and require caller-assigned fresh import identities (24.094307ms)
✔ draft saves allow selecting CRS before coordinates but cannot relabel or erase existing XY (6.478957ms)
✔ completed drafts remain draft-backed through create and save (8.537947ms)
✔ draft commands accept shared XY references and detach each path before applying (5.977146ms)
✔ draft command parsing rejects unknown fields, cycles and accessors before mutation (18.788413ms)
✔ draft command revision exhaustion leaves the workspace unchanged (2.441689ms)
✔ draft commands omit known optional undefined fields without admitting unknown undefined fields (7.833101ms)
ℹ tests 59
ℹ suites 0
ℹ pass 59
ℹ fail 0
ℹ cancelled 0
ℹ skipped 0
ℹ todo 0
ℹ duration_ms 1605.899779
